../Libraries/tft_lib/Src/st7783.c:133:6:delay	16	static,ignoring_inline_asm
../Libraries/tft_lib/Src/st7783.c:148:13:GPIO_Init	16	static
../Libraries/tft_lib/Src/st7783.c:199:6:LCD_Begin	16	static
../Libraries/tft_lib/Src/st7783.c:240:10:LCD_Color565	16	static
../Libraries/tft_lib/Src/st7783.c:253:6:LCD_DrawPixel	24	static
../Libraries/tft_lib/Src/st7783.c:296:6:LCD_DrawLine	48	static
../Libraries/tft_lib/Src/st7783.c:348:6:LCD_DrawFastHLine	32	static
../Libraries/tft_lib/Src/st7783.c:382:6:LCD_DrawFastVLine	32	static
../Libraries/tft_lib/Src/st7783.c:400:6:LCD_DrawTriangle	32	static
../Libraries/tft_lib/Src/st7783.c:407:6:LCD_FillTriangle	64	static
../Libraries/tft_lib/Src/st7783.c:491:6:LCD_DrawRect	24	static
../Libraries/tft_lib/Src/st7783.c:510:6:LCD_DrawRoundRect	32	static
../Libraries/tft_lib/Src/st7783.c:535:6:LCD_DrawCircleHelper	40	static
../Libraries/tft_lib/Src/st7783.c:581:6:LCD_DrawCircle	40	static
../Libraries/tft_lib/Src/st7783.c:626:6:LCD_DrawChar	40	static
../Libraries/tft_lib/Src/st7783.c:672:6:LCD_FillCircle	32	static
../Libraries/tft_lib/Src/st7783.c:689:6:LCD_FillCircleHelper	40	static
../Libraries/tft_lib/Src/st7783.c:729:6:LCD_FillRect	32	static
../Libraries/tft_lib/Src/st7783.c:771:6:LCD_FillRoundRect	32	static
../Libraries/tft_lib/Src/st7783.c:788:6:LCD_FillScreen	24	static
../Libraries/tft_lib/Src/st7783.c:828:6:LCD_Flood	24	static
../Libraries/tft_lib/Src/st7783.c:887:6:LCD_pushColors	24	static
../Libraries/tft_lib/Src/st7783.c:909:6:LCD_pushArray	32	static
../Libraries/tft_lib/Src/st7783.c:932:6:LCD_Printf	32	static
../Libraries/tft_lib/Src/st7783.c:968:6:LCD_Reset	16	static
../Libraries/tft_lib/Src/st7783.c:995:6:LCD_SetCursor	16	static
../Libraries/tft_lib/Src/st7783.c:1007:6:LCD_SetTextSize	16	static
../Libraries/tft_lib/Src/st7783.c:1019:6:LCD_SetTextColor	16	static
../Libraries/tft_lib/Src/st7783.c:1031:6:LCD_SetTextWrap	16	static
../Libraries/tft_lib/Src/st7783.c:1042:6:LCD_SetRotation	16	static
../Libraries/tft_lib/Src/st7783.c:1068:6:LCD_SetAddrWindow	40	static
../Libraries/tft_lib/Src/st7783.c:1132:6:LCD_Write8	16	static
../Libraries/tft_lib/Src/st7783.c:1159:6:LCD_WriteRegister8	16	static
../Libraries/tft_lib/Src/st7783.c:1174:6:LCD_WriteRegister16	24	static
../Libraries/tft_lib/Src/st7783.c:1188:8:write	48	static
../Libraries/tft_lib/Src/st7783.c:1222:6:setFont	16	static
../Libraries/tft_lib/Src/st7783.c:1237:6:printnewtstr	24	static
../Libraries/tft_lib/Src/st7783.c:1251:6:printstr	16	static
../Libraries/tft_lib/Src/st7783.c:1256:10:temp2color	40	static
../Libraries/tft_lib/Src/st7783.c:1264:6:colorgradient	48	static
