../Libraries/tft_lib/Src/st7783.c:129:6:delay	16	static,ignoring_inline_asm
../Libraries/tft_lib/Src/st7783.c:143:13:GPIO_Init	40	static
../Libraries/tft_lib/Src/st7783.c:186:6:LCD_Begin	16	static
../Libraries/tft_lib/Src/st7783.c:227:10:LCD_Color565	16	static
../Libraries/tft_lib/Src/st7783.c:240:6:LCD_DrawPixel	24	static
../Libraries/tft_lib/Src/st7783.c:283:6:LCD_DrawLine	48	static
../Libraries/tft_lib/Src/st7783.c:335:6:LCD_DrawFastHLine	32	static
../Libraries/tft_lib/Src/st7783.c:369:6:LCD_DrawFastVLine	32	static
../Libraries/tft_lib/Src/st7783.c:387:6:LCD_DrawTriangle	32	static
../Libraries/tft_lib/Src/st7783.c:394:6:LCD_FillTriangle	64	static
../Libraries/tft_lib/Src/st7783.c:479:6:LCD_DrawRect	24	static
../Libraries/tft_lib/Src/st7783.c:498:6:LCD_DrawRoundRect	32	static
../Libraries/tft_lib/Src/st7783.c:523:6:LCD_DrawCircleHelper	40	static
../Libraries/tft_lib/Src/st7783.c:569:6:LCD_DrawCircle	40	static
../Libraries/tft_lib/Src/st7783.c:614:6:LCD_DrawChar	40	static
../Libraries/tft_lib/Src/st7783.c:660:6:LCD_FillCircle	32	static
../Libraries/tft_lib/Src/st7783.c:677:6:LCD_FillCircleHelper	40	static
../Libraries/tft_lib/Src/st7783.c:717:6:LCD_FillRect	32	static
../Libraries/tft_lib/Src/st7783.c:759:6:LCD_FillRoundRect	32	static
../Libraries/tft_lib/Src/st7783.c:776:6:LCD_FillScreen	24	static
../Libraries/tft_lib/Src/st7783.c:816:6:LCD_Flood	24	static
../Libraries/tft_lib/Src/st7783.c:883:6:LCD_Printf	32	static
../Libraries/tft_lib/Src/st7783.c:919:6:LCD_Reset	16	static
../Libraries/tft_lib/Src/st7783.c:946:6:LCD_SetCursor	16	static
../Libraries/tft_lib/Src/st7783.c:958:6:LCD_SetTextSize	16	static
../Libraries/tft_lib/Src/st7783.c:970:6:LCD_SetTextColor	16	static
../Libraries/tft_lib/Src/st7783.c:982:6:LCD_SetTextWrap	16	static
../Libraries/tft_lib/Src/st7783.c:993:6:LCD_SetRotation	16	static
../Libraries/tft_lib/Src/st7783.c:1019:6:LCD_SetAddrWindow	40	static
../Libraries/tft_lib/Src/st7783.c:1083:6:LCD_Write8	16	static
../Libraries/tft_lib/Src/st7783.c:1110:6:LCD_WriteRegister8	16	static
../Libraries/tft_lib/Src/st7783.c:1125:6:LCD_WriteRegister16	24	static
