../Libraries/ESP8266/Src/ESP8266.c:14:5:isNumber	16	static
../Libraries/ESP8266/Src/ESP8266.c:22:6:esp_sendCommand	136	static
../Libraries/ESP8266/Src/ESP8266.c:54:6:esp_getResponse	40	static
../Libraries/ESP8266/Src/ESP8266.c:78:6:esp_waitResponse	40	static
../Libraries/ESP8266/Src/ESP8266.c:103:9:searchSubstring	40	static
../Libraries/ESP8266/Src/ESP8266.c:126:6:esp_sendAT	16	static
../Libraries/ESP8266/Src/ESP8266.c:131:6:esp_reset	16	static
../Libraries/ESP8266/Src/ESP8266.c:135:6:esp_setCWMODE	40	static
../Libraries/ESP8266/Src/ESP8266.c:141:6:esp_wifiDisconnect	24	static
../Libraries/ESP8266/Src/ESP8266.c:147:6:esp_wifiConnect	136	static
../Libraries/ESP8266/Src/ESP8266.c:161:6:esp_multiResponse	136	static
../Libraries/ESP8266/Src/ESP8266.c:198:6:esp_getIP	128	static
../Libraries/ESP8266/Src/ESP8266.c:215:6:esp_sendCIPMUX	120	static
../Libraries/ESP8266/Src/ESP8266.c:221:6:esp_startServer	120	static
../Libraries/ESP8266/Src/ESP8266.c:240:6:esp_closeServer	40	static
../Libraries/ESP8266/Src/ESP8266.c:247:5:Uart_peek	24	static
../Libraries/ESP8266/Src/ESP8266.c:259:5:Wait_for	32	static
