../Core/Src/main.c:119:5:main	232	static
../Core/Src/main.c:382:6:SystemClock_Config	88	static
../Core/Src/main.c:429:13:MX_ADC1_Init	24	static
../Core/Src/main.c:499:13:MX_I2C1_Init	8	static
../Core/Src/main.c:533:13:MX_SPI1_Init	8	static
../Core/Src/main.c:571:13:MX_USART2_UART_Init	8	static
../Core/Src/main.c:604:13:MX_GPIO_Init	48	static
../Core/Src/main.c:627:6:EXTI9_5_IRQHandler	16	static
../Core/Src/main.c:638:13:MY_ADC1_Init_CJMCU	24	static
../Core/Src/main.c:703:13:MY_ADC1_Init_ECG	24	static
../Core/Src/main.c:758:6:HAL_TIM_PeriodElapsedCallback	16	static
../Core/Src/main.c:775:6:Error_Handler	4	static,ignoring_inline_asm
