../Libraries/LameUI/Src/lame_ui.c:27:8:lui_init	16	static
../Libraries/LameUI/Src/lame_ui.c:51:8:lui_set_default_font	16	static
../Libraries/LameUI/Src/lame_ui.c:60:6:lui_update	16	static
../Libraries/LameUI/Src/lame_ui.c:100:6:lui_label_draw	88	static
../Libraries/LameUI/Src/lame_ui.c:166:12:lui_label_create	16	static
../Libraries/LameUI/Src/lame_ui.c:199:6:lui_label_set_font	24	static
../Libraries/LameUI/Src/lame_ui.c:211:6:lui_label_set_text	24	static
../Libraries/LameUI/Src/lame_ui.c:222:6:lui_label_set_text_color	24	static
../Libraries/LameUI/Src/lame_ui.c:234:6:lui_label_set_bg_transparent	24	static
../Libraries/LameUI/Src/lame_ui.c:261:6:lui_linechart_draw	240	dynamic
../Libraries/LameUI/Src/lame_ui.c:407:12:lui_linechart_create	24	static
../Libraries/LameUI/Src/lame_ui.c:449:6:lui_linechart_set_grid_count	24	static
../Libraries/LameUI/Src/lame_ui.c:462:6:lui_linechart_set_grid_color	24	static
../Libraries/LameUI/Src/lame_ui.c:474:6:lui_linechart_set_grid_visible	24	static
../Libraries/LameUI/Src/lame_ui.c:486:6:lui_linechart_set_line_color	24	static
../Libraries/LameUI/Src/lame_ui.c:498:6:lui_linechart_set_data_auto_scale	24	static
../Libraries/LameUI/Src/lame_ui.c:510:6:lui_linechart_set_data_range	40	static
../Libraries/LameUI/Src/lame_ui.c:524:6:lui_linechart_set_data_source	32	static
../Libraries/LameUI/Src/lame_ui.c:552:6:lui_button_draw	112	static
../Libraries/LameUI/Src/lame_ui.c:691:12:lui_button_create	16	static
../Libraries/LameUI/Src/lame_ui.c:742:6:lui_button_set_label_texts	24	static
../Libraries/LameUI/Src/lame_ui.c:748:6:lui_button_set_label_text	24	static
../Libraries/LameUI/Src/lame_ui.c:759:6:lui_button_set_label_text_pressed	24	static
../Libraries/LameUI/Src/lame_ui.c:769:6:lui_button_set_label_align	24	static
../Libraries/LameUI/Src/lame_ui.c:782:6:lui_button_set_label_colors	16	static
../Libraries/LameUI/Src/lame_ui.c:788:6:lui_button_set_label_color	24	static
../Libraries/LameUI/Src/lame_ui.c:801:6:lui_button_set_label_color_pressed	24	static
../Libraries/LameUI/Src/lame_ui.c:813:6:lui_button_set_label_font	24	static
../Libraries/LameUI/Src/lame_ui.c:824:6:lui_button_set_bitmap_images	32	static
../Libraries/LameUI/Src/lame_ui.c:839:6:lui_button_set_bitmap_images_mono_palette	32	static
../Libraries/LameUI/Src/lame_ui.c:853:6:lui_button_set_value	24	static
../Libraries/LameUI/Src/lame_ui.c:864:6:lui_button_set_checked	16	static
../Libraries/LameUI/Src/lame_ui.c:869:6:lui_button_set_unchecked	16	static
../Libraries/LameUI/Src/lame_ui.c:874:6:lui_button_set_checkable	24	static
../Libraries/LameUI/Src/lame_ui.c:883:9:lui_button_get_checkable	24	static
../Libraries/LameUI/Src/lame_ui.c:892:9:lui_button_get_check_value	16	static
../Libraries/LameUI/Src/lame_ui.c:899:6:lui_button_set_extra_colors	24	static
../Libraries/LameUI/Src/lame_ui.c:912:6:lui_button_set_bg_transparent	24	static
../Libraries/LameUI/Src/lame_ui.c:937:6:lui_list_draw	80	static
../Libraries/LameUI/Src/lame_ui.c:1023:12:lui_list_create	16	static
../Libraries/LameUI/Src/lame_ui.c:1071:6:lui_list_prepare	56	static
../Libraries/LameUI/Src/lame_ui.c:1183:8:lui_list_set_max_items_count	24	static
../Libraries/LameUI/Src/lame_ui.c:1199:8:lui_list_add_item	24	static
../Libraries/LameUI/Src/lame_ui.c:1221:8:lui_list_remove_item	24	static
../Libraries/LameUI/Src/lame_ui.c:1239:8:lui_list_remove_all	24	static
../Libraries/LameUI/Src/lame_ui.c:1250:9:lui_list_get_selected_item_index	16	static
../Libraries/LameUI/Src/lame_ui.c:1258:9:lui_list_set_selected_item_index	24	static
../Libraries/LameUI/Src/lame_ui.c:1272:13:lui_list_get_item_text	24	static
../Libraries/LameUI/Src/lame_ui.c:1283:8:lui_list_set_item_text	32	static
../Libraries/LameUI/Src/lame_ui.c:1298:8:lui_list_set_dropdown_mode	24	static
../Libraries/LameUI/Src/lame_ui.c:1322:8:lui_list_set_dropdown_expand	24	static
../Libraries/LameUI/Src/lame_ui.c:1347:6:lui_list_set_item_min_height	24	static
../Libraries/LameUI/Src/lame_ui.c:1361:6:lui_list_set_font	24	static
../Libraries/LameUI/Src/lame_ui.c:1377:6:lui_list_set_text_align	24	static
../Libraries/LameUI/Src/lame_ui.c:1392:6:lui_list_set_text_color	24	static
../Libraries/LameUI/Src/lame_ui.c:1405:6:lui_list_set_item_border	24	static
../Libraries/LameUI/Src/lame_ui.c:1420:6:lui_list_set_nav_btn_label_color	16	static
../Libraries/LameUI/Src/lame_ui.c:1429:6:lui_list_set_nav_btn_bg_color	16	static
../Libraries/LameUI/Src/lame_ui.c:1438:6:lui_list_set_nav_btn_extra_colors	16	static
../Libraries/LameUI/Src/lame_ui.c:1447:6:lui_list_set_nav_btn_label_text	24	static
../Libraries/LameUI/Src/lame_ui.c:1456:6:lui_list_set_nav_btn_border_color	16	static
../Libraries/LameUI/Src/lame_ui.c:1465:6:lui_list_set_page_index	32	static
../Libraries/LameUI/Src/lame_ui.c:1496:6:_lui_list_add_button_obj	24	static
../Libraries/LameUI/Src/lame_ui.c:1520:6:_lui_list_add_nav_buttons	32	static
../Libraries/LameUI/Src/lame_ui.c:1564:6:_lui_list_nav_btn_cb	48	static
../Libraries/LameUI/Src/lame_ui.c:1631:6:lui_switch_draw	48	static
../Libraries/LameUI/Src/lame_ui.c:1678:12:lui_switch_create	16	static
../Libraries/LameUI/Src/lame_ui.c:1712:6:lui_switch_set_extra_colors	32	static
../Libraries/LameUI/Src/lame_ui.c:1727:8:lui_switch_get_value	16	static
../Libraries/LameUI/Src/lame_ui.c:1735:6:lui_switch_set_value	16	static
../Libraries/LameUI/Src/lame_ui.c:1746:6:lui_switch_set_on	16	static
../Libraries/LameUI/Src/lame_ui.c:1751:6:lui_switch_set_off	16	static
../Libraries/LameUI/Src/lame_ui.c:1771:6:lui_checkbox_draw	104	static
../Libraries/LameUI/Src/lame_ui.c:1860:12:lui_checkbox_create	16	static
../Libraries/LameUI/Src/lame_ui.c:1897:6:lui_checkbox_set_extra_colors	32	static
../Libraries/LameUI/Src/lame_ui.c:1912:8:lui_checkbox_get_value	16	static
../Libraries/LameUI/Src/lame_ui.c:1920:6:lui_checkbox_set_value	16	static
../Libraries/LameUI/Src/lame_ui.c:1931:6:lui_checkbox_set_checked	16	static
../Libraries/LameUI/Src/lame_ui.c:1936:6:lui_checkbox_set_unchecked	16	static
../Libraries/LameUI/Src/lame_ui.c:1941:6:lui_checkbox_set_label_text	24	static
../Libraries/LameUI/Src/lame_ui.c:1957:6:lui_checkbox_set_label_font	24	static
../Libraries/LameUI/Src/lame_ui.c:1974:6:lui_checkbox_set_label_color	16	static
../Libraries/LameUI/Src/lame_ui.c:2000:6:lui_slider_draw	144	static
../Libraries/LameUI/Src/lame_ui.c:2101:12:lui_slider_create	16	static
../Libraries/LameUI/Src/lame_ui.c:2144:6:lui_slider_set_extra_colors	32	static
../Libraries/LameUI/Src/lame_ui.c:2159:6:lui_slider_set_show_value	24	static
../Libraries/LameUI/Src/lame_ui.c:2177:6:lui_slider_set_value	56	static
../Libraries/LameUI/Src/lame_ui.c:2213:6:lui_slider_set_range	56	static
../Libraries/LameUI/Src/lame_ui.c:2240:9:lui_slider_get_value	16	static
../Libraries/LameUI/Src/lame_ui.c:2248:9:lui_slider_get_min_value	24	static
../Libraries/LameUI/Src/lame_ui.c:2257:9:lui_slider_get_max_value	24	static
../Libraries/LameUI/Src/lame_ui.c:2266:6:lui_slider_set_progress_bar	24	static
../Libraries/LameUI/Src/lame_ui.c:2291:6:lui_slider_set_text	16	static
../Libraries/LameUI/Src/lame_ui.c:2300:6:lui_slider_set_font	16	static
../Libraries/LameUI/Src/lame_ui.c:2314:8:lui_slider_set_knob_type	56	static
../Libraries/LameUI/Src/lame_ui.c:2353:6:lui_btngrid_draw	80	static
../Libraries/LameUI/Src/lame_ui.c:2459:12:lui_btngrid_create	16	static
../Libraries/LameUI/Src/lame_ui.c:2505:6:lui_btngrid_set_textmap	32	static
../Libraries/LameUI/Src/lame_ui.c:2568:6:lui_btngrid_set_propertymap	24	static
../Libraries/LameUI/Src/lame_ui.c:2585:6:lui_btngrid_set_btn_property_bits	24	static
../Libraries/LameUI/Src/lame_ui.c:2606:6:lui_btngrid_set_btn_text	32	static
../Libraries/LameUI/Src/lame_ui.c:2628:6:lui_btngrid_set_btn_width_unit	24	static
../Libraries/LameUI/Src/lame_ui.c:2636:6:lui_btngrid_set_btn_hidden	24	static
../Libraries/LameUI/Src/lame_ui.c:2645:6:lui_btngrid_set_btn_checkable	24	static
../Libraries/LameUI/Src/lame_ui.c:2658:6:lui_btngrid_set_btn_checked	24	static
../Libraries/LameUI/Src/lame_ui.c:2667:9:lui_btngrid_get_acive_btn_index	16	static
../Libraries/LameUI/Src/lame_ui.c:2675:13:lui_btngrid_get_btn_text	24	static
../Libraries/LameUI/Src/lame_ui.c:2700:8:lui_btngrid_get_btn_check_status	24	static
../Libraries/LameUI/Src/lame_ui.c:2709:6:lui_btngrid_set_font	24	static
../Libraries/LameUI/Src/lame_ui.c:2722:6:lui_btngrid_set_extra_colors	32	static
../Libraries/LameUI/Src/lame_ui.c:2739:6:lui_btngrid_set_btn_margin	24	static
../Libraries/LameUI/Src/lame_ui.c:2757:6:_lui_btngrid_calc_btn_area	56	static
../Libraries/LameUI/Src/lame_ui.c:2852:12:lui_keyboard_create	24	static
../Libraries/LameUI/Src/lame_ui.c:2883:6:lui_keyboard_sys_cb	48	static
../Libraries/LameUI/Src/lame_ui.c:2963:6:lui_keyboard_set_mode	24	static
../Libraries/LameUI/Src/lame_ui.c:2997:6:lui_keyboard_set_font	16	static
../Libraries/LameUI/Src/lame_ui.c:3002:13:lui_keyboard_get_key_text	16	static
../Libraries/LameUI/Src/lame_ui.c:3007:6:lui_keyboard_set_target_txtbox	24	static
../Libraries/LameUI/Src/lame_ui.c:3065:6:lui_textbox_draw	80	static
../Libraries/LameUI/Src/lame_ui.c:3173:12:lui_textbox_create	16	static
../Libraries/LameUI/Src/lame_ui.c:3211:6:lui_textbox_set_caret_index	24	static
../Libraries/LameUI/Src/lame_ui.c:3228:10:lui_textbox_get_caret_index	24	static
../Libraries/LameUI/Src/lame_ui.c:3236:6:lui_textbox_insert_char	24	static
../Libraries/LameUI/Src/lame_ui.c:3256:6:lui_textbox_delete_char	24	static
../Libraries/LameUI/Src/lame_ui.c:3275:6:lui_textbox_insert_string	40	static
../Libraries/LameUI/Src/lame_ui.c:3295:6:lui_textbox_set_text_buffer	32	static
../Libraries/LameUI/Src/lame_ui.c:3310:6:lui_textbox_set_text_color	24	static
../Libraries/LameUI/Src/lame_ui.c:3321:6:lui_textbox_set_font	24	static
../Libraries/LameUI/Src/lame_ui.c:3351:12:lui_panel_create	16	static
../Libraries/LameUI/Src/lame_ui.c:3383:6:lui_panel_draw	48	static
../Libraries/LameUI/Src/lame_ui.c:3417:6:lui_panel_set_bitmap_image	16	static
../Libraries/LameUI/Src/lame_ui.c:3423:6:lui_panel_set_bitmap_image_mono_palette	16	static
../Libraries/LameUI/Src/lame_ui.c:3445:12:lui_scene_create	16	static
../Libraries/LameUI/Src/lame_ui.c:3483:6:lui_scene_draw	48	static
../Libraries/LameUI/Src/lame_ui.c:3510:6:lui_scene_set_bitmap_image	24	static
../Libraries/LameUI/Src/lame_ui.c:3527:6:lui_scene_set_bitmap_image_mono_palette	24	static
../Libraries/LameUI/Src/lame_ui.c:3570:6:lui_scene_set_active	16	static
../Libraries/LameUI/Src/lame_ui.c:3579:12:lui_scene_get_active	4	static
../Libraries/LameUI/Src/lame_ui.c:3594:12:_lui_object_create	16	static
../Libraries/LameUI/Src/lame_ui.c:3618:6:lui_object_add_to_parent	24	static
../Libraries/LameUI/Src/lame_ui.c:3655:6:lui_object_remove_from_parent	24	static
../Libraries/LameUI/Src/lame_ui.c:3685:12:lui_object_get_child	24	static
../Libraries/LameUI/Src/lame_ui.c:3702:6:lui_object_set_position	832	static
../Libraries/LameUI/Src/lame_ui.c:3760:6:lui_object_set_x_pos	16	static
../Libraries/LameUI/Src/lame_ui.c:3767:6:lui_object_set_y_pos	16	static
../Libraries/LameUI/Src/lame_ui.c:3774:6:lui_object_set_area	16	static
../Libraries/LameUI/Src/lame_ui.c:3803:6:lui_object_set_width	16	static
../Libraries/LameUI/Src/lame_ui.c:3810:6:lui_object_set_height	16	static
../Libraries/LameUI/Src/lame_ui.c:3817:6:lui_object_set_border_color	16	static
../Libraries/LameUI/Src/lame_ui.c:3827:6:lui_object_set_border_visibility	16	static
../Libraries/LameUI/Src/lame_ui.c:3837:6:lui_object_set_bg_color	16	static
../Libraries/LameUI/Src/lame_ui.c:3847:6:lui_object_set_callback	16	static
../Libraries/LameUI/Src/lame_ui.c:3854:8:lui_object_get_state	16	static
../Libraries/LameUI/Src/lame_ui.c:3861:8:lui_object_get_event	16	static
../Libraries/LameUI/Src/lame_ui.c:3868:6:lui_object_set_visibility	16	static
../Libraries/LameUI/Src/lame_ui.c:3905:9:lui_object_set_enable_input	16	static
../Libraries/LameUI/Src/lame_ui.c:3924:6:lui_object_set_layer	832	static
../Libraries/LameUI/Src/lame_ui.c:3977:9:lui_object_get_type	16	static
../Libraries/LameUI/Src/lame_ui.c:3985:9:lui_object_get_layer	16	static
../Libraries/LameUI/Src/lame_ui.c:3993:5:_lui_obj_layer_cmprtr	24	static
../Libraries/LameUI/Src/lame_ui.c:4015:6:_lui_object_render_parent_with_children	1640	static
../Libraries/LameUI/Src/lame_ui.c:4086:6:_lui_object_render	16	static
../Libraries/LameUI/Src/lame_ui.c:4153:6:_lui_object_set_need_refresh	832	static
../Libraries/LameUI/Src/lame_ui.c:4233:12:_lui_process_input_of_act_scene	32	static
../Libraries/LameUI/Src/lame_ui.c:4330:12:_lui_scan_all_obj_for_input	1648	static
../Libraries/LameUI/Src/lame_ui.c:4403:12:_lui_scan_individual_object_for_input	24	static
../Libraries/LameUI/Src/lame_ui.c:4430:9:_lui_check_if_active_obj_touch_input	48	static
../Libraries/LameUI/Src/lame_ui.c:4527:6:_lui_set_obj_props_on_touch_input	96	static
../Libraries/LameUI/Src/lame_ui.c:4746:16:lui_dispdrv_create	16	static
../Libraries/LameUI/Src/lame_ui.c:4761:6:lui_dispdrv_register	16	static
../Libraries/LameUI/Src/lame_ui.c:4768:6:lui_dispdrv_set_resolution	16	static
../Libraries/LameUI/Src/lame_ui.c:4776:6:lui_dispdrv_set_draw_disp_buff_cb	16	static
../Libraries/LameUI/Src/lame_ui.c:4783:8:lui_dispdrv_set_disp_buff	24	static
../Libraries/LameUI/Src/lame_ui.c:4804:24:lui_touch_inputdev_create	16	static
../Libraries/LameUI/Src/lame_ui.c:4818:6:lui_touch_inputdev_register	16	static
../Libraries/LameUI/Src/lame_ui.c:4825:6:lui_touch_inputdev_set_read_input_cb	16	static
../Libraries/LameUI/Src/lame_ui.c:4841:6:lui_gfx_draw_string_advanced	72	static
../Libraries/LameUI/Src/lame_ui.c:4920:6:lui_gfx_draw_string_simple	56	static
../Libraries/LameUI/Src/lame_ui.c:4931:6:lui_gfx_draw_char	48	static
../Libraries/LameUI/Src/lame_ui.c:4944:6:lui_gfx_draw_line	32	static
../Libraries/LameUI/Src/lame_ui.c:4983:6:lui_gfx_draw_rect	40	static
../Libraries/LameUI/Src/lame_ui.c:4996:6:lui_gfx_draw_rect_fill	56	static
../Libraries/LameUI/Src/lame_ui.c:5036:10:lui_gfx_get_font_height	16	static
../Libraries/LameUI/Src/lame_ui.c:5049:6:lui_gfx_get_string_dimension	40	static
../Libraries/LameUI/Src/lame_ui.c:5103:10:lui_rgb	16	static
../Libraries/LameUI/Src/lame_ui.c:5108:21:_lui_gfx_get_glyph_from_char	24	static
../Libraries/LameUI/Src/lame_ui.c:5132:6:_lui_gfx_render_char_glyph	56	static
../Libraries/LameUI/Src/lame_ui.c:5203:6:lui_gfx_draw_bitmap	88	static
../Libraries/LameUI/Src/lame_ui.c:5340:6:_lui_gfx_plot_line_low	48	static
../Libraries/LameUI/Src/lame_ui.c:5380:6:_lui_gfx_plot_line_high	48	static
../Libraries/LameUI/Src/lame_ui.c:5435:9:_lui_get_event_against_state	24	static
../Libraries/LameUI/Src/lame_ui.c:5530:8:_lui_map_range	64	static
../Libraries/LameUI/Src/lame_ui.c:5536:8:_lui_verify_obj	16	static
../Libraries/LameUI/Src/lame_ui.c:5550:9:_lui_disp_drv_check	4	static
../Libraries/LameUI/Src/lame_ui.c:5563:6:_lui_mem_init	16	static
../Libraries/LameUI/Src/lame_ui.c:5570:7:_lui_mem_alloc	24	static
