../Core/Src/main.c:123:5:main	224	static
../Core/Src/main.c:350:6:SystemClock_Config	88	static
../Core/Src/main.c:394:13:MX_ADC1_Init	24	static
../Core/Src/main.c:443:13:MX_I2C1_Init	8	static
../Core/Src/main.c:475:13:MX_GPIO_Init	48	static
../Core/Src/main.c:504:6:HMS_bgdisplay	56	static
../Core/Src/main.c:569:6:ecgPeak	24	static
../Core/Src/main.c:618:6:ecgLine	32	static
../Core/Src/main.c:637:6:LCD_ECGAnimation	24	static
../Core/Src/main.c:651:6:EXTI9_5_IRQHandler	16	static
../Core/Src/main.c:665:6:Error_Handler	4	static,ignoring_inline_asm
