../Libraries/tft_lib/Src/st7783.c:133:6:delay	16	static,ignoring_inline_asm
../Libraries/tft_lib/Src/st7783.c:148:13:GPIO_Init	40	static
../Libraries/tft_lib/Src/st7783.c:206:6:LCD_Begin	16	static
../Libraries/tft_lib/Src/st7783.c:247:10:LCD_Color565	16	static
../Libraries/tft_lib/Src/st7783.c:260:6:LCD_DrawPixel	24	static
../Libraries/tft_lib/Src/st7783.c:303:6:LCD_DrawLine	48	static
../Libraries/tft_lib/Src/st7783.c:355:6:LCD_DrawFastHLine	32	static
../Libraries/tft_lib/Src/st7783.c:389:6:LCD_DrawFastVLine	32	static
../Libraries/tft_lib/Src/st7783.c:407:6:LCD_DrawTriangle	32	static
../Libraries/tft_lib/Src/st7783.c:414:6:LCD_FillTriangle	64	static
../Libraries/tft_lib/Src/st7783.c:498:6:LCD_DrawRect	24	static
../Libraries/tft_lib/Src/st7783.c:517:6:LCD_DrawRoundRect	32	static
../Libraries/tft_lib/Src/st7783.c:542:6:LCD_DrawCircleHelper	40	static
../Libraries/tft_lib/Src/st7783.c:588:6:LCD_DrawCircle	40	static
../Libraries/tft_lib/Src/st7783.c:633:6:LCD_DrawChar	40	static
../Libraries/tft_lib/Src/st7783.c:679:6:LCD_FillCircle	32	static
../Libraries/tft_lib/Src/st7783.c:696:6:LCD_FillCircleHelper	40	static
../Libraries/tft_lib/Src/st7783.c:736:6:LCD_FillRect	32	static
../Libraries/tft_lib/Src/st7783.c:778:6:LCD_FillRoundRect	32	static
../Libraries/tft_lib/Src/st7783.c:795:6:LCD_FillScreen	24	static
../Libraries/tft_lib/Src/st7783.c:835:6:LCD_Flood	24	static
../Libraries/tft_lib/Src/st7783.c:894:6:LCD_pushColors	24	static
../Libraries/tft_lib/Src/st7783.c:916:6:LCD_pushArray	32	static
../Libraries/tft_lib/Src/st7783.c:939:6:LCD_Printf	32	static
../Libraries/tft_lib/Src/st7783.c:975:6:LCD_Reset	16	static
../Libraries/tft_lib/Src/st7783.c:1002:6:LCD_SetCursor	16	static
../Libraries/tft_lib/Src/st7783.c:1014:6:LCD_SetTextSize	16	static
../Libraries/tft_lib/Src/st7783.c:1026:6:LCD_SetTextColor	16	static
../Libraries/tft_lib/Src/st7783.c:1038:6:LCD_SetTextWrap	16	static
../Libraries/tft_lib/Src/st7783.c:1049:6:LCD_SetRotation	16	static
../Libraries/tft_lib/Src/st7783.c:1072:9:LCD_getRotation	4	static
../Libraries/tft_lib/Src/st7783.c:1087:6:LCD_SetAddrWindow	40	static
../Libraries/tft_lib/Src/st7783.c:1151:6:LCD_Write8	16	static
../Libraries/tft_lib/Src/st7783.c:1178:6:LCD_WriteRegister8	16	static
../Libraries/tft_lib/Src/st7783.c:1193:6:LCD_WriteRegister16	24	static
../Libraries/tft_lib/Src/st7783.c:1207:8:write	48	static
../Libraries/tft_lib/Src/st7783.c:1241:6:setFont	16	static
../Libraries/tft_lib/Src/st7783.c:1256:6:printnewtstr	24	static
../Libraries/tft_lib/Src/st7783.c:1270:6:printstr	16	static
../Libraries/tft_lib/Src/st7783.c:1275:10:temp2color	40	static
../Libraries/tft_lib/Src/st7783.c:1283:6:colorgradient	48	static
