../Core/Src/main.c:136:5:main	224	static
../Core/Src/main.c:245:6:SystemClock_Config	88	static
../Core/Src/main.c:289:13:MX_ADC1_Init	24	static
../Core/Src/main.c:338:13:MX_I2C1_Init	8	static
../Core/Src/main.c:370:13:MX_USART2_UART_Init	8	static
../Core/Src/main.c:401:13:MX_USART6_UART_Init	8	static
../Core/Src/main.c:432:13:MX_GPIO_Init	48	static
../Core/Src/main.c:460:6:EXTI9_5_IRQHandler	16	static
../Core/Src/main.c:486:6:StartDefaultTask	16	static
../Core/Src/main.c:510:6:StartTask02	168	static
../Core/Src/main.c:632:6:StartTask03	24	static
../Core/Src/main.c:706:6:HAL_TIM_PeriodElapsedCallback	16	static
../Core/Src/main.c:722:6:Error_Handler	4	static,ignoring_inline_asm
