../Libraries/tft_lib/Src/st7783.c:129:6:delay	16	static,ignoring_inline_asm
../Libraries/tft_lib/Src/st7783.c:143:13:GPIO_Init	16	static
../Libraries/tft_lib/Src/st7783.c:193:6:LCD_Begin	16	static
../Libraries/tft_lib/Src/st7783.c:234:10:LCD_Color565	16	static
../Libraries/tft_lib/Src/st7783.c:247:6:LCD_DrawPixel	24	static
../Libraries/tft_lib/Src/st7783.c:290:6:LCD_DrawLine	48	static
../Libraries/tft_lib/Src/st7783.c:342:6:LCD_DrawFastHLine	32	static
../Libraries/tft_lib/Src/st7783.c:376:6:LCD_DrawFastVLine	32	static
../Libraries/tft_lib/Src/st7783.c:394:6:LCD_DrawTriangle	32	static
../Libraries/tft_lib/Src/st7783.c:401:6:LCD_FillTriangle	64	static
../Libraries/tft_lib/Src/st7783.c:486:6:LCD_DrawRect	24	static
../Libraries/tft_lib/Src/st7783.c:505:6:LCD_DrawRoundRect	32	static
../Libraries/tft_lib/Src/st7783.c:530:6:LCD_DrawCircleHelper	40	static
../Libraries/tft_lib/Src/st7783.c:576:6:LCD_DrawCircle	40	static
../Libraries/tft_lib/Src/st7783.c:621:6:LCD_DrawChar	40	static
../Libraries/tft_lib/Src/st7783.c:667:6:LCD_FillCircle	32	static
../Libraries/tft_lib/Src/st7783.c:684:6:LCD_FillCircleHelper	40	static
../Libraries/tft_lib/Src/st7783.c:724:6:LCD_FillRect	32	static
../Libraries/tft_lib/Src/st7783.c:766:6:LCD_FillRoundRect	32	static
../Libraries/tft_lib/Src/st7783.c:783:6:LCD_FillScreen	24	static
../Libraries/tft_lib/Src/st7783.c:823:6:LCD_Flood	24	static
../Libraries/tft_lib/Src/st7783.c:890:6:LCD_Printf	32	static
../Libraries/tft_lib/Src/st7783.c:926:6:LCD_Reset	16	static
../Libraries/tft_lib/Src/st7783.c:953:6:LCD_SetCursor	16	static
../Libraries/tft_lib/Src/st7783.c:965:6:LCD_SetTextSize	16	static
../Libraries/tft_lib/Src/st7783.c:977:6:LCD_SetTextColor	16	static
../Libraries/tft_lib/Src/st7783.c:989:6:LCD_SetTextWrap	16	static
../Libraries/tft_lib/Src/st7783.c:1000:6:LCD_SetRotation	16	static
../Libraries/tft_lib/Src/st7783.c:1026:6:LCD_SetAddrWindow	40	static
../Libraries/tft_lib/Src/st7783.c:1090:6:LCD_Write8	16	static
../Libraries/tft_lib/Src/st7783.c:1117:6:LCD_WriteRegister8	16	static
../Libraries/tft_lib/Src/st7783.c:1132:6:LCD_WriteRegister16	24	static
../Libraries/tft_lib/Src/st7783.c:1146:6:LCD_pushColors	24	static
../Libraries/tft_lib/Src/st7783.c:1168:6:LCD_pushAColors	24	static
../Libraries/tft_lib/Src/st7783.c:1174:6:LCD_pushColors2	32	static
