../Core/Src/main.c:25:6:HMS_bgdisplay	56	static
../Core/Src/main.c:82:10:temp2color	40	static
../Core/Src/main.c:90:6:colorgradient	48	static
../Core/Src/main.c:97:5:main	16	static
../Core/Src/main.c:154:6:testCase1	8	static
../Core/Src/main.c:181:6:testCase2	16	static
../Core/Src/main.c:189:6:testFillScreen	16	static
../Core/Src/main.c:200:6:testText	24	static
../Core/Src/main.c:232:6:testLines	64	static
../Core/Src/main.c:289:6:testFastLines	40	static
../Core/Src/main.c:303:6:testRects	56	static
../Core/Src/main.c:318:6:testFilledRects	64	static
../Core/Src/main.c:335:6:testFilledCircles	40	static
../Core/Src/main.c:350:6:testCircles	40	static
../Core/Src/main.c:366:6:testTriangles	72	static
../Core/Src/main.c:383:6:testFilledTriangles	72	static
../Core/Src/main.c:401:6:testRoundRects	64	static
../Core/Src/main.c:416:6:testFilledRoundRects	64	static
