../Core/Src/main.c:25:5:main	16	static
../Core/Src/main.c:68:6:testCase1	8	static
../Core/Src/main.c:95:6:testCase2	16	static
../Core/Src/main.c:103:6:testFillScreen	16	static
../Core/Src/main.c:114:6:testText	24	static
../Core/Src/main.c:146:6:testLines	64	static
../Core/Src/main.c:203:6:testFastLines	40	static
../Core/Src/main.c:217:6:testRects	56	static
../Core/Src/main.c:232:6:testFilledRects	64	static
../Core/Src/main.c:249:6:testFilledCircles	40	static
../Core/Src/main.c:264:6:testCircles	40	static
../Core/Src/main.c:280:6:testTriangles	72	static
../Core/Src/main.c:297:6:testFilledTriangles	72	static
../Core/Src/main.c:315:6:testRoundRects	64	static
../Core/Src/main.c:330:6:testFilledRoundRects	64	static
