../Libraries/MLX90614_LIB/Src/MLX90614.c:28:9:mlx90614_crc8	24	static
../Libraries/MLX90614_LIB/Src/MLX90614.c:46:6:mlx90614_read16	40	static
../Libraries/MLX90614_LIB/Src/MLX90614.c:55:6:mlx90614_write16	48	static
../Libraries/MLX90614_LIB/Src/MLX90614.c:81:9:mlx90614_calcRawTemp	24	static
../Libraries/MLX90614_LIB/Src/MLX90614.c:109:7:mlx90614_calcTemperature	24	static
../Libraries/MLX90614_LIB/Src/MLX90614.c:131:6:mlx90614_init	8	static
../Libraries/MLX90614_LIB/Src/MLX90614.c:150:6:mlx90614_setUnit	16	static
../Libraries/MLX90614_LIB/Src/MLX90614.c:155:6:mlx90614_readID	24	static
../Libraries/MLX90614_LIB/Src/MLX90614.c:169:6:mlx90614_getEmissivity	16	static
../Libraries/MLX90614_LIB/Src/MLX90614.c:181:6:mlx90614_setEmissivity	16	static
../Libraries/MLX90614_LIB/Src/MLX90614.c:191:6:mlx90614_setMax	16	static
../Libraries/MLX90614_LIB/Src/MLX90614.c:197:6:mlx90614_setMin	16	static
../Libraries/MLX90614_LIB/Src/MLX90614.c:203:6:mlx90614_getMax	16	static
../Libraries/MLX90614_LIB/Src/MLX90614.c:214:6:mlx90614_getMin	16	static
../Libraries/MLX90614_LIB/Src/MLX90614.c:225:6:mlx90614_getAmbient	16	static
../Libraries/MLX90614_LIB/Src/MLX90614.c:236:6:mlx90614_getObject1	16	static
../Libraries/MLX90614_LIB/Src/MLX90614.c:249:6:mlx90614_getObject2	16	static
