14:24:56 **** Incremental Build of configuration Debug for project 003_UARTPrint ****
make -j4 all 
arm-none-eabi-gcc "../Core/Src/main.c" -mcpu=cortex-m4 -std=gnu11 -g3 -DDEBUG -DUSE_HAL_DRIVER -DSTM32F401xE -c -I../Core/Inc -I"E:/STM codes/STM32F401 SPACE/003_UARTPrint/Libraries/BML_DRIVERS/Inc" -I../Drivers/STM32F4xx_HAL_Driver/Inc -I../Drivers/STM32F4xx_HAL_Driver/Inc/Legacy -I../Drivers/CMSIS/Device/ST/STM32F4xx/Include -I../Drivers/CMSIS/Include -O0 -ffunction-sections -fdata-sections -Wall -fstack-usage -MMD -MP -MF"Core/Src/main.d" -MT"Core/Src/main.o" --specs=nano.specs -mfpu=fpv4-sp-d16 -mfloat-abi=hard -mthumb -o "Core/Src/main.o"
../Core/Src/main.c: In function 'main':
../Core/Src/main.c:12:2: warning: implicit declaration of function 'uart_print_config' [-Wimplicit-function-declaration]
   12 |  uart_print_config(9600);
      |  ^~~~~~~~~~~~~~~~~
../Core/Src/main.c:13:2: warning: implicit declaration of function 'print'; did you mean 'printf'? [-Wimplicit-function-declaration]
   13 |  print("Working\n");
      |  ^~~~~
      |  printf
arm-none-eabi-gcc -o "003_UARTPrint.elf" @"objects.list"   -mcpu=cortex-m4 -T"E:\STM codes\STM32F401 SPACE\003_UARTPrint\STM32F401RETX_FLASH.ld" --specs=nosys.specs -Wl,-Map="003_UARTPrint.map" -Wl,--gc-sections -static -u_printf_float --specs=nano.specs -mfpu=fpv4-sp-d16 -mfloat-abi=hard -mthumb -Wl,--start-group -lc -lm -Wl,--end-group
Finished building target: 003_UARTPrint.elf
 
arm-none-eabi-size   003_UARTPrint.elf 
arm-none-eabi-objdump -h -S  003_UARTPrint.elf  > "003_UARTPrint.list"
   text	   data	    bss	    dec	    hex	filename
  21752	    548	   1844	  24144	   5e50	003_UARTPrint.elf
Finished building: default.size.stdout
 
Finished building: 003_UARTPrint.list
 

14:24:58 Build Finished. 0 errors, 2 warnings. (took 2s.109ms)

