21:26:21 **** Build of configuration Debug for project MAX30100_Lib ****
make -j4 all 
arm-none-eabi-gcc "../Core/Src/main.c" -mcpu=cortex-m4 -std=gnu11 -g3 -DDEBUG -DUSE_HAL_DRIVER -DSTM32F401xE -c -I../Core/Inc -I"E:/STM codes/STM32F401 SPACE/MAX30100_Lib/Libraries/BML_DRIVERS/Inc" -I"E:/STM codes/STM32F401 SPACE/MAX30100_Lib/Libraries/MAX30100_LIB/Inc" -I"E:/STM codes/STM32F401 SPACE/MAX30100_Lib/Libraries/MLX90614_LIB/Inc" -I"E:/STM codes/STM32F401 SPACE/MAX30100_Lib/Libraries/tft_lib/Inc" -I../Drivers/STM32F4xx_HAL_Driver/Inc -I../Drivers/STM32F4xx_HAL_Driver/Inc/Legacy -I../Drivers/CMSIS/Device/ST/STM32F4xx/Include -I../Drivers/CMSIS/Include -O0 -ffunction-sections -fdata-sections -Wall -fstack-usage -MMD -MP -MF"Core/Src/main.d" -MT"Core/Src/main.o" --specs=nano.specs -mfpu=fpv4-sp-d16 -mfloat-abi=hard -mthumb -o "Core/Src/main.o"
arm-none-eabi-gcc -o "MAX30100_Lib.elf" @"objects.list"   -mcpu=cortex-m4 -T"E:\STM codes\STM32F401 SPACE\MAX30100_Lib\STM32F401RETX_FLASH.ld" --specs=nosys.specs -Wl,-Map="MAX30100_Lib.map" -Wl,--gc-sections -static -u_printf_float --specs=nano.specs -mfpu=fpv4-sp-d16 -mfloat-abi=hard -mthumb -Wl,--start-group -lc -lm -Wl,--end-group
Finished building target: MAX30100_Lib.elf
 
arm-none-eabi-size   MAX30100_Lib.elf 
arm-none-eabi-objdump -h -S  MAX30100_Lib.elf  > "MAX30100_Lib.list"
   text	   data	    bss	    dec	    hex	filename
  34288	    484	   2140	  36912	   9030	MAX30100_Lib.elf
Finished building: default.size.stdout
 
Finished building: MAX30100_Lib.list
 

21:26:31 Build Finished. 0 errors, 0 warnings. (took 9s.156ms)

