22:29:53 **** Build of configuration Debug for project MLX90614 reading ****
make -j4 all 
arm-none-eabi-gcc "../Core/Src/main.c" -mcpu=cortex-m4 -std=gnu11 -g3 -DDEBUG -DUSE_HAL_DRIVER -DSTM32F401xE -c -I../Core/Inc -I"E:/STM codes/STM32F401 SPACE/MLX90614 reading/Libraries/MLX90614_LIB/Inc" -I"E:/STM codes/STM32F401 SPACE/MLX90614 reading/Libraries/BML_DRIVERS/Inc" -I../Drivers/STM32F4xx_HAL_Driver/Inc -I../Drivers/STM32F4xx_HAL_Driver/Inc/Legacy -I../Drivers/CMSIS/Device/ST/STM32F4xx/Include -I../Drivers/CMSIS/Include -O0 -ffunction-sections -fdata-sections -Wall -fstack-usage -MMD -MP -MF"Core/Src/main.d" -MT"Core/Src/main.o" --specs=nano.specs -mfpu=fpv4-sp-d16 -mfloat-abi=hard -mthumb -o "Core/Src/main.o"
arm-none-eabi-gcc -o "MLX90614 reading.elf" @"objects.list"   -mcpu=cortex-m4 -T"E:\STM codes\STM32F401 SPACE\MLX90614 reading\STM32F401RETX_FLASH.ld" --specs=nosys.specs -Wl,-Map="MLX90614 reading.map" -Wl,--gc-sections -static -u_printf_float --specs=nano.specs -mfpu=fpv4-sp-d16 -mfloat-abi=hard -mthumb -Wl,--start-group -lc -lm -Wl,--end-group
Finished building target: MLX90614 reading.elf
 
arm-none-eabi-size   MLX90614\ reading.elf 
arm-none-eabi-objdump -h -S  MLX90614\ reading.elf  > "MLX90614 reading.list"
   text	   data	    bss	    dec	    hex	filename
  27848	    548	   1988	  30384	   76b0	MLX90614 reading.elf
Finished building: default.size.stdout
 
Finished building: MLX90614 reading.list
 

22:29:57 Build Finished. 0 errors, 0 warnings. (took 3s.983ms)

