21:20:51 **** Incremental Build of configuration Debug for project rename ****
make -j4 all 
arm-none-eabi-gcc "../Core/Src/main.c" -mcpu=cortex-m4 -std=gnu11 -g3 -DDEBUG -DUSE_HAL_DRIVER -DSTM32F401xE -c -I../Core/Inc -I"E:/STM codes/STM32F401 SPACE/rename/Libraries/tft_lib/Inc" -I"E:/STM codes/STM32F401 SPACE/rename/Libraries/MLX90614_LIB/Inc" -I"E:/STM codes/STM32F401 SPACE/rename/Libraries/BML_DRIVERS/Inc" -I../Drivers/STM32F4xx_HAL_Driver/Inc -I../Drivers/STM32F4xx_HAL_Driver/Inc/Legacy -I../Drivers/CMSIS/Device/ST/STM32F4xx/Include -I../Drivers/CMSIS/Include -O0 -ffunction-sections -fdata-sections -Wall -fstack-usage -MMD -MP -MF"Core/Src/main.d" -MT"Core/Src/main.o" --specs=nano.specs -mfpu=fpv4-sp-d16 -mfloat-abi=hard -mthumb -o "Core/Src/main.o"
../Core/Src/main.c:227:13: warning: 'MX_USART2_UART_Init' defined but not used [-Wunused-function]
  227 | static void MX_USART2_UART_Init(void) {
      |             ^~~~~~~~~~~~~~~~~~~
arm-none-eabi-gcc -o "rename.elf" @"objects.list"   -mcpu=cortex-m4 -T"E:\STM codes\STM32F401 SPACE\rename\STM32F401RETX_FLASH.ld" --specs=nosys.specs -Wl,-Map="rename.map" -Wl,--gc-sections -static -u_printf_float --specs=nano.specs -mfpu=fpv4-sp-d16 -mfloat-abi=hard -mthumb -Wl,--start-group -lc -lm -Wl,--end-group
Finished building target: rename.elf
 
arm-none-eabi-size   rename.elf 
arm-none-eabi-objdump -h -S  rename.elf  > "rename.list"
   text	   data	    bss	    dec	    hex	filename
  35800	    552	   2256	  38608	   96d0	rename.elf
Finished building: default.size.stdout
 
Finished building: rename.list
 

21:20:53 Build Finished. 0 errors, 1 warnings. (took 1s.871ms)

