23:19:43 **** Incremental Build of configuration Debug for project UART IT Testing ****
make -j4 all 
arm-none-eabi-gcc "../Core/Src/stm32f4xx_it.c" -mcpu=cortex-m4 -std=gnu11 -g3 -DDEBUG -DUSE_HAL_DRIVER -DSTM32F401xE -c -I../Core/Inc -I"E:/STM codes/STM32F401 SPACE/UART IT Testing/Libraries/BML_DRIVERS/Inc" -I../Drivers/STM32F4xx_HAL_Driver/Inc -I../Drivers/STM32F4xx_HAL_Driver/Inc/Legacy -I../Drivers/CMSIS/Device/ST/STM32F4xx/Include -I../Drivers/CMSIS/Include -O0 -ffunction-sections -fdata-sections -Wall -fstack-usage -MMD -MP -MF"Core/Src/stm32f4xx_it.d" -MT"Core/Src/stm32f4xx_it.o" --specs=nano.specs -mfpu=fpv4-sp-d16 -mfloat-abi=hard -mthumb -o "Core/Src/stm32f4xx_it.o"
arm-none-eabi-gcc -o "UART IT Testing.elf" @"objects.list"   -mcpu=cortex-m4 -T"E:\STM codes\STM32F401 SPACE\UART IT Testing\STM32F401RETX_FLASH.ld" --specs=nosys.specs -Wl,-Map="UART IT Testing.map" -Wl,--gc-sections -static -u_printf_float --specs=nano.specs -mfpu=fpv4-sp-d16 -mfloat-abi=hard -mthumb -Wl,--start-group -lc -lm -Wl,--end-group
Finished building target: UART IT Testing.elf
 
arm-none-eabi-size   UART\ IT\ Testing.elf 
arm-none-eabi-objdump -h -S  UART\ IT\ Testing.elf  > "UART IT Testing.list"
   text	   data	    bss	    dec	    hex	filename
  21800	    548	   1844	  24192	   5e80	UART IT Testing.elf
Finished building: default.size.stdout
 
Finished building: UART IT Testing.list
 

23:19:45 Build Finished. 0 errors, 0 warnings. (took 1s.639ms)

