../Libraries/tft_lib/Src/st7783.c:133:6:delay	16	static,ignoring_inline_asm
../Libraries/tft_lib/Src/st7783.c:148:13:GPIO_Init	16	static
../Libraries/tft_lib/Src/st7783.c:198:6:LCD_Begin	16	static
../Libraries/tft_lib/Src/st7783.c:239:10:LCD_Color565	16	static
../Libraries/tft_lib/Src/st7783.c:252:6:LCD_DrawPixel	24	static
../Libraries/tft_lib/Src/st7783.c:295:6:LCD_DrawLine	48	static
../Libraries/tft_lib/Src/st7783.c:347:6:LCD_DrawFastHLine	32	static
../Libraries/tft_lib/Src/st7783.c:381:6:LCD_DrawFastVLine	32	static
../Libraries/tft_lib/Src/st7783.c:399:6:LCD_DrawTriangle	32	static
../Libraries/tft_lib/Src/st7783.c:406:6:LCD_FillTriangle	64	static
../Libraries/tft_lib/Src/st7783.c:490:6:LCD_DrawRect	24	static
../Libraries/tft_lib/Src/st7783.c:509:6:LCD_DrawRoundRect	32	static
../Libraries/tft_lib/Src/st7783.c:534:6:LCD_DrawCircleHelper	40	static
../Libraries/tft_lib/Src/st7783.c:580:6:LCD_DrawCircle	40	static
../Libraries/tft_lib/Src/st7783.c:625:6:LCD_DrawChar	40	static
../Libraries/tft_lib/Src/st7783.c:671:6:LCD_FillCircle	32	static
../Libraries/tft_lib/Src/st7783.c:688:6:LCD_FillCircleHelper	40	static
../Libraries/tft_lib/Src/st7783.c:728:6:LCD_FillRect	32	static
../Libraries/tft_lib/Src/st7783.c:770:6:LCD_FillRoundRect	32	static
../Libraries/tft_lib/Src/st7783.c:787:6:LCD_FillScreen	24	static
../Libraries/tft_lib/Src/st7783.c:827:6:LCD_Flood	24	static
../Libraries/tft_lib/Src/st7783.c:886:6:LCD_pushColors	24	static
../Libraries/tft_lib/Src/st7783.c:908:6:LCD_pushArray	32	static
../Libraries/tft_lib/Src/st7783.c:931:6:LCD_Printf	32	static
../Libraries/tft_lib/Src/st7783.c:967:6:LCD_Reset	16	static
../Libraries/tft_lib/Src/st7783.c:994:6:LCD_SetCursor	16	static
../Libraries/tft_lib/Src/st7783.c:1006:6:LCD_SetTextSize	16	static
../Libraries/tft_lib/Src/st7783.c:1018:6:LCD_SetTextColor	16	static
../Libraries/tft_lib/Src/st7783.c:1030:6:LCD_SetTextWrap	16	static
../Libraries/tft_lib/Src/st7783.c:1041:6:LCD_SetRotation	16	static
../Libraries/tft_lib/Src/st7783.c:1067:6:LCD_SetAddrWindow	40	static
../Libraries/tft_lib/Src/st7783.c:1131:6:LCD_Write8	16	static
../Libraries/tft_lib/Src/st7783.c:1158:6:LCD_WriteRegister8	16	static
../Libraries/tft_lib/Src/st7783.c:1173:6:LCD_WriteRegister16	24	static
../Libraries/tft_lib/Src/st7783.c:1187:8:write	48	static
../Libraries/tft_lib/Src/st7783.c:1221:6:setFont	16	static
../Libraries/tft_lib/Src/st7783.c:1236:6:printnewtstr	24	static
../Libraries/tft_lib/Src/st7783.c:1250:6:printstr	16	static
