../Core/Src/main.c:125:5:main	224	static
../Core/Src/main.c:230:6:SystemClock_Config	88	static
../Core/Src/main.c:274:13:MX_ADC1_Init	24	static
../Core/Src/main.c:323:13:MX_I2C1_Init	8	static
../Core/Src/main.c:355:13:MX_GPIO_Init	24	static
../Core/Src/main.c:366:6:EXTI9_5_IRQHandler	16	static
../Core/Src/main.c:385:6:StartDefaultTask	120	static
../Core/Src/main.c:424:6:StartTask02	16	static
../Core/Src/main.c:463:6:StartTask03	24	static
../Core/Src/main.c:528:6:HAL_TIM_PeriodElapsedCallback	16	static
../Core/Src/main.c:544:6:Error_Handler	4	static,ignoring_inline_asm
